// Vitest Snapshot v1

exports[`mount MainNav component 1`] = `
"<div class=\\"flex lg:flex-col items-center justify-center h-full space-x-4 lg:space-x-0 lg:space-y-4 py-2 lg:py-4 lg:rouded-xl\\"><a href=\\"/\\" class=\\"group\\">
    <div class=\\"transform -translate-y-8 lg:-translate-y-0 lg:translate-x-8 duration-300 w-36 flex justify-center items-center h-10 lg:w-14 lg:h-14 rounded-xl bg-secondary text-primary transform shadow-xl\\"><svg xmlns=\\"http://www.w3.org/2000/svg\\" fill=\\"none\\" viewBox=\\"0 0 24 24\\" stroke-width=\\"2\\" stroke=\\"currentColor\\" aria-hidden=\\"true\\" class=\\"w-6 h-6\\">
        <path stroke-linecap=\\"round\\" stroke-linejoin=\\"round\\" d=\\"M3 12l2-2m0 0l7-7 7 7M5 10v10a1 1 0 001 1h3m10-11l2 2m-2-2v10a1 1 0 01-1 1h-3m-6 0a1 1 0 001-1v-4a1 1 0 011-1h2a1 1 0 011 1v4a1 1 0 001 1m-6 0h6\\" />
      </svg><span class=\\"ml-2\\">Inicio</span></div>
  </a><a href=\\"/dashboard\\" class=\\"group\\">
    <div class=\\"opacity-50 border-2 border-blue-500 duration-300 w-10 flex justify-center items-center h-10 lg:w-14 lg:h-14 rounded-xl bg-secondary text-primary transform shadow-xl\\"><svg xmlns=\\"http://www.w3.org/2000/svg\\" fill=\\"none\\" viewBox=\\"0 0 24 24\\" stroke-width=\\"2\\" stroke=\\"currentColor\\" aria-hidden=\\"true\\" class=\\"w-6 h-6\\">
        <path stroke-linecap=\\"round\\" stroke-linejoin=\\"round\\" d=\\"M12 8v4l3 3m6-3a9 9 0 11-18 0 9 9 0 0118 0z\\" />
      </svg><span class=\\"ml-2\\" style=\\"display: none;\\">Dashboard</span></div>
  </a><a href=\\"/info\\" class=\\"group\\">
    <div class=\\"opacity-50 border-2 border-blue-500 duration-300 w-10 flex justify-center items-center h-10 lg:w-14 lg:h-14 rounded-xl bg-secondary text-primary transform shadow-xl\\"><svg xmlns=\\"http://www.w3.org/2000/svg\\" fill=\\"none\\" viewBox=\\"0 0 24 24\\" stroke-width=\\"2\\" stroke=\\"currentColor\\" aria-hidden=\\"true\\" class=\\"w-6 h-6\\">
        <path stroke-linecap=\\"round\\" stroke-linejoin=\\"round\\" d=\\"M9 19v-6a2 2 0 00-2-2H5a2 2 0 00-2 2v6a2 2 0 002 2h2a2 2 0 002-2zm0 0V9a2 2 0 012-2h2a2 2 0 012 2v10m-6 0a2 2 0 002 2h2a2 2 0 002-2m0 0V5a2 2 0 012-2h2a2 2 0 012 2v14a2 2 0 01-2 2h-2a2 2 0 01-2-2z\\" />
      </svg><span class=\\"ml-2\\" style=\\"display: none;\\">Info</span></div>
  </a></div>"
`;
